exports[`Filters component renders as before 1`] = `
<div
  className="Filters">
  <Unknown
    name="type"
    onChange={undefined}
    options={undefined}
    selected={undefined} />
  <Unknown
    name="location"
    onChange={undefined}
    options={undefined}
    selected={undefined} />
  <input
    onChange={[Function]}
    placeholder="search..."
    value={undefined} />
</div>
`;
