exports[`Filters component renders as before 1`] = `
<div
  className="Filters">
  <Unknown
    name="type"
    onChange={undefined}
    options={
      Array [
        "gig",
        "other",
      ]
    }
    selected={undefined} />
  <Unknown
    name="location"
    onChange={undefined}
    options={
      Array [
        "Manchester",
        "Ibiza",
      ]
    }
    selected={undefined} />
  <input
    onChange={[Function]}
    placeholder="search..."
    value={undefined} />
</div>
`;
