exports[`EventDetails component renders as before 1`] = `
<div
  className="event-details">
  <img
    alt="event"
    className="event-image"
    src="http://d13rtmsmlweq99.cloudfront.net/cms_media/images/events/948e6b789115dac236b33b5f606600ef.1467646509.jpg" />
  <h3
    className="event-title">
    The Warehouse Project || Tuskegee
  </h3>
  <p>
    Tuesday 27th December
    , at 
    Store Steet, Manchester
  </p>
</div>
`;
