exports[`test renders listing as before 1`] = `
<div
  className="event-listing">
  <img
    alt="event"
    className="event-image"
    src={undefined} />
  <Link
    onlyActiveOnIndex={false}
    style={Object {}}
    to="event/undefined">
    <h3
      className="event-title" />
  </Link>
  <p>
    , at 
  </p>
</div>
`;
